OK  BookProof.GaugeFixing.sMat_nilpotent
OK  BookProof.BRSTNilpotent.GhostCAR.betabeta
OK  BookProof.NavierStokes.ghostAnnih_sq
OK  BookProof.SirkFinitePrecision.rayleigh.eq_1
OK  BookProof.SirkFinitePrecision.observable_propagation_band
OK  BookProof.MassGap.massGap_shifted_gapless._simp_1_3
OK  BookProof.GaugeFixing.matrixModel_B_ne_zero
OK  BookProof.SirkFinitePrecision.ground_ge_of_no_eigenvalue_below
OK  BookProof.BRSTNilpotent.chi_swap4._simp_1_2
OK  BookProof.GaugeFixing.GaugeFixingSystem.mk.injEq
OK  BookProof.SirkFinitePrecision.exists_eigenvalue_dist_le_residual_unit
OK  BookProof.SirkFinitePrecision.repr_apply_of_symmetric
OK  BookProof.MassGap.heisenberg_number_shift_invariant
OK  BookProof.GhostField.psiDag_sq
OK  BookProof.GaugeFixing.matrixModel._proof_2
OK  BookProof.YangMillsFieldStrength.fieldStrengthMul_antisymm
OK  BookProof.SirkFinitePrecision.coeff.eq_1
OK  BookProof.SirkFinitePrecision.rayleigh_eq_sum_eigenvalues
OK  BookProof.GaugeFixing.matrixModelIntegral._proof_2
OK  BookProof.MassGap.numberOp.eq_1
OK  BookProof.SirkFinitePrecision.CertInterval.mem_sub
OK  BookProof.GaugeFixing.GaugeFixingSystem.s_sub
OK  BookProof.SirkFinitePrecision.exists_eigenvalue_dist_le_residual
OK  BookProof.GaugeFixing.L_gf_evaluation
OK  BookProof.NavierStokes.ghostCreate_sq
OK  BookProof.BRSTNilpotent.quartic_term_zero._simp_1_2
OK  BookProof.MassGap.massGap._proof_1
OK  BookProof.GaugeFixing.matrixModelIntegral.eq_1
OK  BookProof.SirkFinitePrecision.CertInterval.mul_bracket_right
OK  BookProof.SirkFinitePrecision.CertInterval.polyEval.eq_def
OK  BookProof.SirkFinitePrecision.CertInterval.polyEval.eq_1
OK  BookProof.NavierStokes.ghostAnticomm_annih
OK  BookProof.BRSTNilpotent.quartic_term_zero
OK  BookProof.GaugeFixing.Qm.eq_1
OK  BookProof.GaugeFixing.int_L_gf_eq_zero
OK  BookProof.BRSTNilpotent.chi_cyc3
OK  BookProof.GaugeFixing.sMat_Pm
OK  BookProof.GhostField.psiDag.eq_1
OK  BookProof.MassGap.excited.eq_1
OK  BookProof.GhostField.numberOp_selfAdjoint
OK  BookProof.GaugeFixing.Vm.eq_1
OK  BookProof.GaugeFixing.matrixModel_Psi_ne_zero
OK  BookProof.SirkFinitePrecision.CertInterval.abs_polyEval_le_of_mem
OK  BookProof.NavierStokes.ghostCreate.eq_1
OK  BookProof.GaugeFixing.s_d_phi
OK  BookProof.SirkFinitePrecision.CertInterval.mem_widen
OK  BookProof.SirkFinitePrecision.backward_error_weyl
OK  BookProof.SirkFinitePrecision.CertInterval.mem_const
OK  BookProof.BRSTNilpotent.chi_swap4._simp_1_1
OK  BookProof.MassGap.excited_nonempty
OK  BookProof.GaugeFixing.matrixModel_c_ne_zero
OK  BookProof.BRSTNilpotent.beta_move
OK  BookProof.GaugeFixing.Vm_mul_Qm
OK  BookProof.MassGap.massGap_shifted_gapless._simp_1_2
OK  BookProof.GaugeFixing.sMat_leibniz
OK  BookProof.BRSTNilpotent.chi_swap4._simp_1_3
OK  BookProof.GaugeFixing.Pm.eq_1
OK  BookProof.SirkFinitePrecision.CertInterval.evalHorner.match_1.eq_2
OK  BookProof.GaugeFixing.sMat_zero
OK  BookProof.GaugeFixing.matrixModel_s_Psi
OK  BookProof.NavierStokes.ghost_CAR
OK  BookProof.GhostField.numberOp_idempotent
OK  BookProof.NavierStokes.ghostCreate_eq_conjTranspose
OK  BookProof.BRSTNilpotent.beta_move._simp_1_1
OK  BookProof.BRSTNilpotent.contracted_terms_zero
OK  BookProof.SirkFinitePrecision.CertInterval.mem_neg
OK  BookProof.NavierStokes.ghostNumber_resolution
OK  BookProof.GhostField.psi_sq
OK  BookProof.YangMillsFieldStrength.Dcov.eq_1
OK  BookProof.GaugeFixing.s_gaugeField
OK  BookProof.BRSTNilpotent.quartic_term_zero._proof_1_1
OK  BookProof.SirkFinitePrecision.CertInterval.evalHorner.match_1.eq_1
OK  BookProof.YangMillsFieldStrength.fieldStrengthMul_eq_Fbook
OK  BookProof.GaugeFixing.Pm_mul_Vm
OK  BookProof.GaugeFixing.matrixModel._proof_1
OK  BookProof.GaugeFixing.GaugeFixingSystem.s_nilpotent
OK  BookProof.BRSTNilpotent.brst_charge_nilpotent
OK  BookProof.GaugeFixing.GaugeFixingSystem.d_zero
OK  BookProof.GhostField.numberOp_add_hole
OK  BookProof.GhostField.numberOp.eq_1
OK  BookProof.MassGap.shiftedSpectrum_excited
OK  BookProof.YangMillsFieldStrength.Fbook.eq_1
OK  BookProof.SirkFinitePrecision.coeff._proof_1
OK  BookProof.MassGap.massGap_shifted_gapless._simp_1_4
OK  BookProof.GaugeFixing.L_gf_invariant
OK  BookProof.BRSTNilpotent.contracted_terms_zero._proof_1_3
OK  BookProof.BRSTNilpotent.quartic_term_zero._simp_1_4
OK  BookProof.GaugeFixing.GaugeFixingSystem.s_mul_c_bar
OK  BookProof.GaugeFixing.GaugeFixingSystem.def_s_phi
OK  BookProof.SirkFinitePrecision.CertInterval.mid._proof_1
OK  BookProof.BRSTNilpotent.GhostCAR.betachi
OK  BookProof.SirkFinitePrecision.CertInterval.mem_evalHorner
OK  BookProof.NavierStokes.ghostNumber.eq_1
OK  BookProof.GaugeFixing.GaugeFixingSystem.sd_commute
OK  BookProof.SirkFinitePrecision.CertInterval.polyEval_le_of_mem
OK  BookProof.BRSTNilpotent.contracted_terms_zero._proof_1_2
OK  BookProof.MassGap.massGap_shifted_gapless._simp_1_8
OK  BookProof.GaugeFixing.matrixModelIntegral_ne_zero
OK  BookProof.GaugeFixing.BrstIntegral.mk.congr_simp
OK  BookProof.GaugeFixing.int_L_gf_evaluated
OK  BookProof.GaugeFixing.GaugeFixingSystem.def_s_c_bar
OK  BookProof.GaugeFixing.addDeg_snd
OK  BookProof.GaugeFixing.GaugeFixingSystem.sub_zero
OK  BookProof.SirkFinitePrecision.CertInterval.abs_le_of_isotone
OK  BookProof.SirkFinitePrecision.temple_lower_bound
OK  BookProof.GhostField.brst_charge_nilpotent
OK  BookProof.GaugeFixing.BrstIntegral.mk.injEq
OK  BookProof.GaugeFixing.Qm_mul_Qm
OK  BookProof.YangMillsFieldStrength.Fbook_antisymm
OK  BookProof.MassGap.shiftedSpectrum.eq_1
OK  BookProof.SirkFinitePrecision.CertInterval.evalHorner.eq_def
OK  BookProof.BRSTNilpotent.contracted_terms_zero._simp_1_6
OK  BookProof.NavierStokes.ghostCreate_eq
OK  BookProof.GaugeFixing.GaugeFixingSystem.mk.inj
OK  BookProof.BRSTNilpotent.GhostCAR.chichi
OK  BookProof.GaugeFixing.GaugeFixingSystem.def_s_v
OK  BookProof.BRSTNilpotent.quartic_term_zero._simp_1_6
OK  BookProof.BRSTNilpotent.beta_move._proof_1_2
OK  BookProof.SirkFinitePrecision.CertInterval.polyEval.match_1.eq_2
OK  BookProof.GaugeFixing.GaugeFixingSystem.mk.sizeOf_spec
OK  BookProof.GaugeFixing.Pm_ne_zero
OK  BookProof.SirkFinitePrecision.CertInterval.mk.sizeOf_spec
OK  BookProof.GaugeFixing.BrstIntegral.int_of_s
OK  BookProof.GaugeFixing.sMat_nilpotent._simp_1_2
OK  BookProof.GaugeFixing.matrixModel_Psi
OK  BookProof.GaugeFixing.matrixModel.eq_1
OK  BookProof.SirkFinitePrecision.CertInterval.mem_add
OK  BookProof.BRSTNilpotent.chi_swap4._proof_1_4
OK  BookProof.BRSTNilpotent.contracted_terms_zero._simp_1_5
OK  BookProof.MassGap.shiftedSpectrum_vacuum
OK  BookProof.SirkFinitePrecision.CertInterval.mem_ofRounded
OK  BookProof.GaugeFixing.sMat_Vm
OK  BookProof.BRSTNilpotent.contracted_terms_zero._simp_1_7
OK  BookProof.BRSTNilpotent.quartic_term_zero._simp_1_3
OK  BookProof.SirkFinitePrecision.ground_le_rayleigh
OK  BookProof.GaugeFixing.Qm_mul_Vm
OK  BookProof.GaugeFixing.sMat_one
OK  BookProof.YangMillsFieldStrength.fieldStrengthMul.eq_1
OK  BookProof.SirkFinitePrecision.CertInterval.width.eq_1
OK  BookProof.MassGap.massGap_shifted_gapless
OK  BookProof.GaugeFixing.Qm_ne_zero
OK  BookProof.GaugeFixing.matrixModelIntegral._proof_1
OK  BookProof.BRSTNilpotent.contracted_terms_zero._simp_1_4
OK  BookProof.GaugeFixing.BrstIntegral.mk.sizeOf_spec
OK  BookProof.MassGap.numberOp._proof_1
OK  BookProof.GaugeFixing.s_c_eq_zero
OK  BookProof.SirkFinitePrecision.CertInterval.evalHorner.eq_1
OK  BookProof.SirkFinitePrecision.norm_apply_sq_eq_sum_eigenvalues
OK  BookProof.BRSTNilpotent.chi_swap4
OK  BookProof.BRSTNilpotent.quartic_term_zero._simp_1_5
OK  BookProof.NavierStokes.ghost_annih_create_eq
OK  BookProof.GaugeFixing.Qm_Pm_add_Pm_Qm
OK  BookProof.NavierStokes.ghostNumber_idem
OK  BookProof.GhostField.numberOp_eq
OK  BookProof.SirkFinitePrecision.observable_propagation
OK  BookProof.MassGap.massGap_shifted_gapless._simp_1_7
OK  BookProof.GaugeFixing.gaugeField.eq_1
OK  BookProof.SirkFinitePrecision.CertInterval.mk.inj
OK  BookProof.YangMillsFieldStrength.nonabelian_fieldStrength
OK  BookProof.SirkFinitePrecision.backward_error_weyl_symm
OK  BookProof.SirkFinitePrecision.CertInterval.dist_le_width
OK  BookProof.YangMillsFieldStrength.commutator_eq_coupling
OK  BookProof.GhostField.car
OK  BookProof.NavierStokes.ghostAnticomm_create
OK  BookProof.GaugeFixing.matrixModel_s_Psi_ne_zero
OK  BookProof.SirkFinitePrecision.CertInterval.polyEval.match_1.eq_1
OK  BookProof.SirkFinitePrecision.CertInterval.le_sup_bound_of_isotone
OK  BookProof.BRSTNilpotent.contracted_terms_zero._simp_1_1
OK  BookProof.NavierStokes.ghostAnnih.eq_1
OK  BookProof.GhostField.psi.eq_1
OK  BookProof.SirkFinitePrecision.CertInterval.mul_bracket_left
OK  BookProof.GaugeFixing.Psi.eq_1
OK  BookProof.SirkFinitePrecision.CertInterval.mk.injEq
OK  BookProof.SirkFinitePrecision.coeff.congr_simp
OK  BookProof.GaugeFixing.sTop.eq_1
OK  BookProof.GaugeFixing.s_B_eq_zero
OK  BookProof.MassGap.massGap_shifted_gapless._simp_1_9
OK  BookProof.GhostField.psiDag_eq_conjTranspose
OK  BookProof.GaugeFixing.addDeg_fst
OK  BookProof.MassGap.exp_conj_eq_self
OK  BookProof.SirkFinitePrecision.norm_sq_eq_sum_repr
OK  BookProof.GaugeFixing.sMat.eq_1
OK  BookProof.SirkFinitePrecision.CertInterval.widen.eq_1
OK  BookProof.SirkFinitePrecision.index_nonempty
OK  BookProof.GhostField.brst_charge_nilpotent_ghost
OK  BookProof.GaugeFixing.sMat_sub
OK  BookProof.GaugeFixing.GaugeFixingSystem.mk.congr_simp
OK  BookProof.SirkFinitePrecision.exists_eigenvalue_dist_le_residual._simp_1_2
OK  BookProof.BRSTNilpotent.brst_charge_nilpotent._simp_1_1
OK  BookProof.SirkFinitePrecision.CertInterval.polyEval.eq_2
OK  BookProof.SirkFinitePrecision.CertInterval.mem_mul
OK  BookProof.NavierStokes.ghostNumber_eq
OK  BookProof.NavierStokes.ghostNumber_hermitian
OK  BookProof.SirkFinitePrecision.hasRealEigenvalue_eigenvalues
OK  BookProof.SirkFinitePrecision.CertInterval.evalHorner.eq_2
OK  BookProof.GaugeFixing.BrstIntegral.mk.inj
GATE: checked 196 theorems in 55 s
