BookProof/ChapterQgHermiteOscillatorEsa.lean:57:5: error: unknown namespace `MeasureTheory`

BookProof/ChapterQgHermiteOscillatorEsa.lean:58:5: error: unknown namespace `BookProof.HermiteProductCore`

BookProof/ChapterQgHermiteOscillatorEsa.lean:59:5: error: unknown namespace `BookProof.QgHermiteCore`

BookProof/ChapterQgHermiteOscillatorEsa.lean:60:5: error: unknown namespace `BookProof.StoneBridge`

BookProof/ChapterQgHermiteOscillatorEsa.lean:68:18: error: unexpected token '*'; expected '}'

BookProof/ChapterQgHermiteOscillatorEsa.lean:73:36: error: expected token

BookProof/ChapterQgHermiteOscillatorEsa.lean:84:50: error: expected token

BookProof/ChapterQgHermiteOscillatorEsa.lean:105:55: error: expected token

BookProof/ChapterQgHermiteOscillatorEsa.lean:120:28: error: expected token

BookProof/ChapterQgHermiteOscillatorEsa.lean:120:15: error(lean.unknownIdentifier): Unknown identifier `Vd`

Note: It is not possible to treat `Vd` as an implicitly bound variable here because it has multiple characters while the `relaxedAutoImplicit` option is set to `Bool.false`.

BookProof/ChapterQgHermiteOscillatorEsa.lean:123:3: error: unknown tactic

BookProof/ChapterQgHermiteOscillatorEsa.lean:122:27: error(lean.unknownIdentifier): Unknown identifier `Continuous`

Note: It is not possible to treat `Continuous` as an implicitly bound variable here because it has multiple characters while the `relaxedAutoImplicit` option is set to `Bool.false`.

BookProof/ChapterQgHermiteOscillatorEsa.lean:127:3: error: unknown tactic

BookProof/ChapterQgHermiteOscillatorEsa.lean:126:27: error(lean.unknownIdentifier): Unknown identifier `ExpBounded`

Note: It is not possible to treat `ExpBounded` as an implicitly bound variable here because it has multiple characters while the `relaxedAutoImplicit` option is set to `Bool.false`.

BookProof/ChapterQgHermiteOscillatorEsa.lean:138:41: error: expected token

BookProof/ChapterQgHermiteOscillatorEsa.lean:138:15: error(lean.unknownIdentifier): Unknown identifier `MvPolynomial`

Note: It is not possible to treat `MvPolynomial` as an implicitly bound variable here because it has multiple characters while the `relaxedAutoImplicit` option is set to `Bool.false`.

BookProof/ChapterQgHermiteOscillatorEsa.lean:141:69: error: expected token

BookProof/ChapterQgHermiteOscillatorEsa.lean:140:27: error(lean.unknownIdentifier): Unknown identifier `Vd`

Note: It is not possible to treat `Vd` as an implicitly bound variable here because it has multiple characters while the `relaxedAutoImplicit` option is set to `Bool.false`.

BookProof/ChapterQgHermiteOscillatorEsa.lean:154:52: error: expected token

BookProof/ChapterQgHermiteOscillatorEsa.lean:153:25: error(lean.unknownIdentifier): Unknown identifier `MvPolynomial`

Note: It is not possible to treat `MvPolynomial` as an implicitly bound variable here because it has multiple characters while the `relaxedAutoImplicit` option is set to `Bool.false`.

BookProof/ChapterQgHermiteOscillatorEsa.lean:164:68: error: unexpected token '-'; expected term

BookProof/ChapterQgHermiteOscillatorEsa.lean:180:13: error: unexpected token '+'; expected ':=', 'where' or '|'

BookProof/ChapterQgHermiteOscillatorEsa.lean:179:34: error(lean.unknownIdentifier): Unknown identifier `MvPolynomial`

Note: It is not possible to treat `MvPolynomial` as an implicitly bound variable here because it has multiple characters while the `relaxedAutoImplicit` option is set to `Bool.false`.

BookProof/ChapterQgHermiteOscillatorEsa.lean:202:54: error: expected token

BookProof/ChapterQgHermiteOscillatorEsa.lean:213:58: error: expected token

BookProof/ChapterQgHermiteOscillatorEsa.lean:222:22: error: expected token

BookProof/ChapterQgHermiteOscillatorEsa.lean:226:51: error: expected token

BookProof/ChapterQgHermiteOscillatorEsa.lean:243:41: error: expected token

BookProof/ChapterQgHermiteOscillatorEsa.lean:247:39: error: expected token

BookProof/ChapterQgHermiteOscillatorEsa.lean:246:27: error(lean.unknownIdentifier): Unknown identifier `MvPolynomial`

Note: It is not possible to treat `MvPolynomial` as an implicitly bound variable here because it has multiple characters while the `relaxedAutoImplicit` option is set to `Bool.false`.

BookProof/ChapterQgHermiteOscillatorEsa.lean:256:41: error: expected token

BookProof/ChapterQgHermiteOscillatorEsa.lean:279:3: error: unknown tactic

BookProof/ChapterQgHermiteOscillatorEsa.lean:278:4: error(lean.unknownIdentifier): Unknown identifier `EssentiallySelfAdjointOn`

Note: It is not possible to treat `EssentiallySelfAdjointOn` as an implicitly bound variable here because it has multiple characters while the `relaxedAutoImplicit` option is set to `Bool.false`.

BookProof/ChapterQgHermiteOscillatorEsa.lean:286:29: error(lean.unknownIdentifier): Unknown identifier `Dense`

Note: It is not possible to treat `Dense` as an implicitly bound variable here because it has multiple characters while the `relaxedAutoImplicit` option is set to `Bool.false`.

BookProof/ChapterQgHermiteOscillatorEsa.lean:291:35: error(lean.unknownIdentifier): Unknown identifier `SymmetricOn`

Note: It is not possible to treat `SymmetricOn` as an implicitly bound variable here because it has multiple characters while the `relaxedAutoImplicit` option is set to `Bool.false`.

BookProof/ChapterQgHermiteOscillatorEsa.lean:298:70: error: expected token

BookProof/ChapterQgHermiteOscillatorEsa.lean:298:42: error(lean.unknownIdentifier): Unknown identifier `polyGaussCore`

Note: It is not possible to treat `polyGaussCore` as an implicitly bound variable here because it has multiple characters while the `relaxedAutoImplicit` option is set to `Bool.false`.

BookProof/ChapterQgHermiteOscillatorEsa.lean:307:4: error: expected token

BookProof/ChapterQgHermiteOscillatorEsa.lean:316:28: error: expected token

BookProof/ChapterQgHermiteOscillatorEsa.lean:323:30: error: expected token

BookProof/ChapterQgHermiteOscillatorEsa.lean:328:48: error: expected token

BookProof/ChapterQgHermiteOscillatorEsa.lean:326:26: error(lean.unknownIdentifier): Unknown identifier `Vd`

Note: It is not possible to treat `Vd` as an implicitly bound variable here because it has multiple characters while the `relaxedAutoImplicit` option is set to `Bool.false`.

BookProof/ChapterQgHermiteOscillatorEsa.lean:335:7: error: unexpected identifier; expected '|'

BookProof/ChapterQgHermiteOscillatorEsa.lean:333:33: error(lean.unknownIdentifier): Unknown identifier `Vd`

Note: It is not possible to treat `Vd` as an implicitly bound variable here because it has multiple characters while the `relaxedAutoImplicit` option is set to `Bool.false`.

BookProof/ChapterQgHermiteOscillatorEsa.lean:346:34: error: unexpected token '+'; expected ')'

BookProof/ChapterQgHermiteOscillatorEsa.lean:366:63: error: unexpected token '|'; expected term

BookProof/ChapterQgHermiteOscillatorEsa.lean:371:14: error: unexpected token '|'; expected term

BookProof/ChapterQgHermiteOscillatorEsa.lean:390:35: error: unexpected token '|'; expected term

