BookProof/ChapterQgManifoldModeInstance.lean:58:5: error: unknown namespace `Filter`

BookProof/ChapterQgManifoldModeInstance.lean:59:5: error: unknown namespace `BookProof.ChapterStoneResolvent`

BookProof/ChapterQgManifoldModeInstance.lean:60:5: error: unknown namespace `BookProof.FarisLavine`

BookProof/ChapterQgManifoldModeInstance.lean:61:5: error: unknown namespace `BookProof.ScalaronFiberFL`

BookProof/ChapterQgManifoldModeInstance.lean:62:5: error: unknown namespace `BookProof.QgOuterFockCoreFL`

BookProof/ChapterQgManifoldModeInstance.lean:63:5: error: unknown namespace `BookProof.QgTimeStepping`

BookProof/ChapterQgManifoldModeInstance.lean:67:18: error: unexpected token '*'; expected '}'

BookProof/ChapterQgManifoldModeInstance.lean:80:36: error: unexpected token '*'; expected ')'

BookProof/ChapterQgManifoldModeInstance.lean:81:49: error: unexpected identifier; expected 'abbrev', 'add_decl_doc', 'axiom', 'binder_predicate', 'builtin_initialize', 'class', 'coinductive', 'declare_syntax_cat', 'def', 'elab', 'elab_rules', 'example', 'inductive', 'infix', 'infixl', 'infixr', 'initialize', 'instance', 'macro', 'macro_rules', 'notation', 'opaque', 'postfix', 'prefix', 'recommended_spelling', 'register_error_explanation', 'register_tactic_tag', 'structure', 'syntax', 'tactic_extension' or 'theorem'

BookProof/ChapterQgManifoldModeInstance.lean:83:42: error: unexpected identifier; expected 'abbrev', 'add_decl_doc', 'axiom', 'binder_predicate', 'builtin_initialize', 'class', 'coinductive', 'declare_syntax_cat', 'def', 'elab', 'elab_rules', 'example', 'inductive', 'infix', 'infixl', 'infixr', 'initialize', 'instance', 'macro', 'macro_rules', 'notation', 'opaque', 'postfix', 'prefix', 'recommended_spelling', 'register_error_explanation', 'register_tactic_tag', 'structure', 'syntax', 'tactic_extension' or 'theorem'

BookProof/ChapterQgManifoldModeInstance.lean:85:51: error: unexpected identifier; expected 'abbrev', 'add_decl_doc', 'axiom', 'binder_predicate', 'builtin_initialize', 'class', 'coinductive', 'declare_syntax_cat', 'def', 'elab', 'elab_rules', 'example', 'inductive', 'infix', 'infixl', 'infixr', 'initialize', 'instance', 'macro', 'macro_rules', 'notation', 'opaque', 'postfix', 'prefix', 'recommended_spelling', 'register_error_explanation', 'register_tactic_tag', 'structure', 'syntax', 'tactic_extension' or 'theorem'

BookProof/ChapterQgManifoldModeInstance.lean:87:75: error: unexpected identifier; expected 'abbrev', 'add_decl_doc', 'axiom', 'binder_predicate', 'builtin_initialize', 'class', 'coinductive', 'declare_syntax_cat', 'def', 'elab', 'elab_rules', 'example', 'inductive', 'infix', 'infixl', 'infixr', 'initialize', 'instance', 'macro', 'macro_rules', 'notation', 'opaque', 'postfix', 'prefix', 'recommended_spelling', 'register_error_explanation', 'register_tactic_tag', 'structure', 'syntax', 'tactic_extension' or 'theorem'

BookProof/ChapterQgManifoldModeInstance.lean:89:68: error: unexpected identifier; expected 'abbrev', 'add_decl_doc', 'axiom', 'binder_predicate', 'builtin_initialize', 'class', 'coinductive', 'declare_syntax_cat', 'def', 'elab', 'elab_rules', 'example', 'inductive', 'infix', 'infixl', 'infixr', 'initialize', 'instance', 'macro', 'macro_rules', 'notation', 'opaque', 'postfix', 'prefix', 'recommended_spelling', 'register_error_explanation', 'register_tactic_tag', 'structure', 'syntax', 'tactic_extension' or 'theorem'

BookProof/ChapterQgManifoldModeInstance.lean:91:76: error: unexpected identifier; expected 'abbrev', 'add_decl_doc', 'axiom', 'binder_predicate', 'builtin_initialize', 'class', 'coinductive', 'declare_syntax_cat', 'def', 'elab', 'elab_rules', 'example', 'inductive', 'infix', 'infixl', 'infixr', 'initialize', 'instance', 'macro', 'macro_rules', 'notation', 'opaque', 'postfix', 'prefix', 'recommended_spelling', 'register_error_explanation', 'register_tactic_tag', 'structure', 'syntax', 'tactic_extension' or 'theorem'

BookProof/ChapterQgManifoldModeInstance.lean:93:30: error: unexpected identifier; expected 'abbrev', 'add_decl_doc', 'axiom', 'binder_predicate', 'builtin_initialize', 'class', 'coinductive', 'declare_syntax_cat', 'def', 'elab', 'elab_rules', 'example', 'inductive', 'infix', 'infixl', 'infixr', 'initialize', 'instance', 'macro', 'macro_rules', 'notation', 'opaque', 'postfix', 'prefix', 'recommended_spelling', 'register_error_explanation', 'register_tactic_tag', 'structure', 'syntax', 'tactic_extension' or 'theorem'

BookProof/ChapterQgManifoldModeInstance.lean:95:42: error: unexpected identifier; expected 'abbrev', 'add_decl_doc', 'axiom', 'binder_predicate', 'builtin_initialize', 'class', 'coinductive', 'declare_syntax_cat', 'def', 'elab', 'elab_rules', 'example', 'inductive', 'infix', 'infixl', 'infixr', 'initialize', 'instance', 'macro', 'macro_rules', 'notation', 'opaque', 'postfix', 'prefix', 'recommended_spelling', 'register_error_explanation', 'register_tactic_tag', 'structure', 'syntax', 'tactic_extension' or 'theorem'

BookProof/ChapterQgManifoldModeInstance.lean:97:38: error: unexpected identifier; expected 'abbrev', 'add_decl_doc', 'axiom', 'binder_predicate', 'builtin_initialize', 'class', 'coinductive', 'declare_syntax_cat', 'def', 'elab', 'elab_rules', 'example', 'inductive', 'infix', 'infixl', 'infixr', 'initialize', 'instance', 'macro', 'macro_rules', 'notation', 'opaque', 'postfix', 'prefix', 'recommended_spelling', 'register_error_explanation', 'register_tactic_tag', 'structure', 'syntax', 'tactic_extension' or 'theorem'

BookProof/ChapterQgManifoldModeInstance.lean:99:42: error: unexpected identifier; expected 'abbrev', 'add_decl_doc', 'axiom', 'binder_predicate', 'builtin_initialize', 'class', 'coinductive', 'declare_syntax_cat', 'def', 'elab', 'elab_rules', 'example', 'inductive', 'infix', 'infixl', 'infixr', 'initialize', 'instance', 'macro', 'macro_rules', 'notation', 'opaque', 'postfix', 'prefix', 'recommended_spelling', 'register_error_explanation', 'register_tactic_tag', 'structure', 'syntax', 'tactic_extension' or 'theorem'

BookProof/ChapterQgManifoldModeInstance.lean:101:51: error: unexpected identifier; expected 'abbrev', 'add_decl_doc', 'axiom', 'binder_predicate', 'builtin_initialize', 'class', 'coinductive', 'declare_syntax_cat', 'def', 'elab', 'elab_rules', 'example', 'inductive', 'infix', 'infixl', 'infixr', 'initialize', 'instance', 'macro', 'macro_rules', 'notation', 'opaque', 'postfix', 'prefix', 'recommended_spelling', 'register_error_explanation', 'register_tactic_tag', 'structure', 'syntax', 'tactic_extension' or 'theorem'

BookProof/ChapterQgManifoldModeInstance.lean:103:44: error: unexpected identifier; expected 'abbrev', 'add_decl_doc', 'axiom', 'binder_predicate', 'builtin_initialize', 'class', 'coinductive', 'declare_syntax_cat', 'def', 'elab', 'elab_rules', 'example', 'inductive', 'infix', 'infixl', 'infixr', 'initialize', 'instance', 'macro', 'macro_rules', 'notation', 'opaque', 'postfix', 'prefix', 'recommended_spelling', 'register_error_explanation', 'register_tactic_tag', 'structure', 'syntax', 'tactic_extension' or 'theorem'

BookProof/ChapterQgManifoldModeInstance.lean:105:71: error: unexpected identifier; expected 'abbrev', 'add_decl_doc', 'axiom', 'binder_predicate', 'builtin_initialize', 'class', 'coinductive', 'declare_syntax_cat', 'def', 'elab', 'elab_rules', 'example', 'inductive', 'infix', 'infixl', 'infixr', 'initialize', 'instance', 'macro', 'macro_rules', 'notation', 'opaque', 'postfix', 'prefix', 'recommended_spelling', 'register_error_explanation', 'register_tactic_tag', 'structure', 'syntax', 'tactic_extension' or 'theorem'

BookProof/ChapterQgManifoldModeInstance.lean:108:31: error: unexpected identifier; expected 'abbrev', 'add_decl_doc', 'axiom', 'binder_predicate', 'builtin_initialize', 'class', 'coinductive', 'declare_syntax_cat', 'def', 'elab', 'elab_rules', 'example', 'inductive', 'infix', 'infixl', 'infixr', 'initialize', 'instance', 'macro', 'macro_rules', 'notation', 'opaque', 'postfix', 'prefix', 'recommended_spelling', 'register_error_explanation', 'register_tactic_tag', 'structure', 'syntax', 'tactic_extension' or 'theorem'

BookProof/ChapterQgManifoldModeInstance.lean:116:25: error(lean.unknownIdentifier): Unknown constant `OfNat`

BookProof/ChapterQgManifoldModeInstance.lean:116:27: error: unexpected token '+'; expected command

BookProof/ChapterQgManifoldModeInstance.lean:118:33: error: expected token

BookProof/ChapterQgManifoldModeInstance.lean:118:31: error(lean.unknownIdentifier): Unknown constant `OfNat`

BookProof/ChapterQgManifoldModeInstance.lean:123:39: error: expected token

BookProof/ChapterQgManifoldModeInstance.lean:123:33: error(lean.invalidField): Invalid field `lam`: The environment does not contain `BookProof.QgManifoldModeInstance.VielbeinSpectrum.lam`, so it is not possible to project the field `lam` from an expression
  S
of type `VielbeinSpectrum ι`

BookProof/ChapterQgManifoldModeInstance.lean:131:25: error: unexpected token 'if'; expected term

BookProof/ChapterQgManifoldModeInstance.lean:136:33: error: unexpected token 'if'; expected term

BookProof/ChapterQgManifoldModeInstance.lean:139:41: error: expected token

BookProof/ChapterQgManifoldModeInstance.lean:139:32: error(lean.invalidField): Invalid field `Amat`: The environment does not contain `BookProof.QgManifoldModeInstance.VielbeinSpectrum.Amat`, so it is not possible to project the field `Amat` from an expression
  S
of type `VielbeinSpectrum ι`

BookProof/ChapterQgManifoldModeInstance.lean:145:51: error: expected token

BookProof/ChapterQgManifoldModeInstance.lean:145:40: error(lean.invalidField): Invalid field `Bmat`: The environment does not contain `BookProof.QgManifoldModeInstance.VielbeinSpectrum.Bmat`, so it is not possible to project the field `Bmat` from an expression
  S
of type `VielbeinSpectrum ι`

BookProof/ChapterQgManifoldModeInstance.lean:155:33: error: expected token

BookProof/ChapterQgManifoldModeInstance.lean:158:39: error: expected token

BookProof/ChapterQgManifoldModeInstance.lean:161:41: error: expected token

BookProof/ChapterQgManifoldModeInstance.lean:178:9: error: unexpected identifier; expected '|'

BookProof/ChapterQgManifoldModeInstance.lean:170:20: error(lean.unknownIdentifier): Unknown identifier `QgModeData`

Note: It is not possible to treat `QgModeData` as an implicitly bound variable here because it has multiple characters while the `relaxedAutoImplicit` option is set to `Bool.false`.

BookProof/ChapterQgManifoldModeInstance.lean:278:48: error: expected token

BookProof/ChapterQgManifoldModeInstance.lean:278:27: error(lean.unknownIdentifier): Unknown identifier `Set`

Note: It is not possible to treat `Set` as an implicitly bound variable here because it has multiple characters while the `relaxedAutoImplicit` option is set to `Bool.false`.

BookProof/ChapterQgManifoldModeInstance.lean:282:5: error: expected token

BookProof/ChapterQgManifoldModeInstance.lean:301:49: error(lean.unknownIdentifier): Unknown identifier `WallPot`

Note: It is not possible to treat `WallPot` as an implicitly bound variable here because it has multiple characters while the `relaxedAutoImplicit` option is set to `Bool.false`.

BookProof/ChapterQgManifoldModeInstance.lean:307:60: error: unexpected token '<'; expected ')'

BookProof/ChapterQgManifoldModeInstance.lean:319:80: error: unexpected token '<'; expected ')'

BookProof/ChapterQgManifoldModeInstance.lean:340:82: error: unexpected token '<'; expected ')'

BookProof/ChapterQgManifoldModeInstance.lean:360:45: error: expected token

BookProof/ChapterQgManifoldModeInstance.lean:378:54: error: expected token

