BookProof/ChapterMajoranaClifford.lean:59:5: error: unknown namespace `RealInnerProductSpace`

BookProof/ChapterMajoranaClifford.lean:63:18: error: unexpected token '*'; expected '}'

BookProof/ChapterMajoranaClifford.lean:67:30: error: expected token

BookProof/ChapterMajoranaClifford.lean:66:31: error(lean.unknownIdentifier): Unknown identifier `LinearMap.BilinForm`

BookProof/ChapterMajoranaClifford.lean:75:26: error(lean.unknownIdentifier): Unknown identifier `QuadraticForm`

Note: It is not possible to treat `QuadraticForm` as an implicitly bound variable here because it has multiple characters while the `relaxedAutoImplicit` option is set to `Bool.false`.

BookProof/ChapterMajoranaClifford.lean:77:7: error: unexpected identifier; expected 'abbrev', 'axiom', 'binder_predicate', 'builtin_initialize', 'class', 'coinductive', 'def', 'elab', 'elab_rules', 'example', 'inductive', 'infix', 'infixl', 'infixr', 'initialize', 'instance', 'macro', 'macro_rules', 'notation', 'opaque', 'postfix', 'prefix', 'structure', 'syntax' or 'theorem'

BookProof/ChapterMajoranaClifford.lean:87:30: error(lean.unknownIdentifier): Unknown identifier `CliffordAlgebra`

Note: It is not possible to treat `CliffordAlgebra` as an implicitly bound variable here because it has multiple characters while the `relaxedAutoImplicit` option is set to `Bool.false`.

BookProof/ChapterMajoranaClifford.lean:89:7: error: unexpected identifier; expected 'abbrev', 'axiom', 'binder_predicate', 'builtin_initialize', 'class', 'coinductive', 'def', 'elab', 'elab_rules', 'example', 'inductive', 'infix', 'infixl', 'infixr', 'initialize', 'instance', 'macro', 'macro_rules', 'notation', 'opaque', 'postfix', 'prefix', 'structure', 'syntax' or 'theorem'

BookProof/ChapterMajoranaClifford.lean:92:7: error: unexpected identifier; expected 'abbrev', 'axiom', 'binder_predicate', 'builtin_initialize', 'class', 'coinductive', 'def', 'elab', 'elab_rules', 'example', 'inductive', 'infix', 'infixl', 'infixr', 'initialize', 'instance', 'macro', 'macro_rules', 'notation', 'opaque', 'postfix', 'prefix', 'structure', 'syntax' or 'theorem'

BookProof/ChapterMajoranaClifford.lean:95:7: error: unexpected identifier; expected 'abbrev', 'axiom', 'binder_predicate', 'builtin_initialize', 'class', 'coinductive', 'def', 'elab', 'elab_rules', 'example', 'inductive', 'infix', 'infixl', 'infixr', 'initialize', 'instance', 'macro', 'macro_rules', 'notation', 'opaque', 'postfix', 'prefix', 'structure', 'syntax' or 'theorem'

BookProof/ChapterMajoranaClifford.lean:99:26: error: unexpected token '*'; expected ':=', 'where' or '|'

BookProof/ChapterMajoranaClifford.lean:99:23: error(lean.unknownIdentifier): Unknown constant `CoeFun`

BookProof/ChapterMajoranaClifford.lean:107:7: error: unexpected token '*'; expected ':=', 'where' or '|'

BookProof/ChapterMajoranaClifford.lean:107:4: error(lean.unknownIdentifier): Unknown constant `CoeFun`

BookProof/ChapterMajoranaClifford.lean:112:48: error: expected token

BookProof/ChapterMajoranaClifford.lean:120:46: error: expected token

BookProof/ChapterMajoranaClifford.lean:120:32: error(lean.unknownIdentifier): Unknown identifier `reverse`

Note: It is not possible to treat `reverse` as an implicitly bound variable here because it has multiple characters while the `relaxedAutoImplicit` option is set to `Bool.false`.

BookProof/ChapterMajoranaClifford.lean:126:14: error: unexpected token '*'; expected ')', ',' or ':'

BookProof/ChapterMajoranaClifford.lean:132:4: error(lean.unknownIdentifier): Unknown identifier `Function.Involutive`

BookProof/ChapterMajoranaClifford.lean:140:34: error: expected token

BookProof/ChapterMajoranaClifford.lean:149:32: error: expected token

